[2026-04-25 19:13:51] [ERROR] not Authorized
Error: not Authorized
    at file:///D:/e-c/e-commerce_Project/utils/appError.js:12:16
    at ModuleJob.run (node:internal/modules/esm/module_job:193:25)
    at async Promise.all (index 0)
    at async ESMLoader.import (node:internal/modules/esm/loader:530:24)
    at async loadESM (node:internal/process/esm_loader:91:5)
    at async handleMainPromise (node:internal/modules/run_main:65:12)
{
  "method": "DELETE",
  "url": "/api/category/697def63956d5203b3e03fb",
  "statusCode": 403,
  "userId": "69da3b32340e32332b0dd425"
}
[2026-04-25 19:15:40] [ERROR] Product not found
Error: not Authorized
    at file:///D:/e-c/e-commerce_Project/utils/appError.js:12:16
    at ModuleJob.run (node:internal/modules/esm/module_job:193:25)
    at async Promise.all (index 0)
    at async ESMLoader.import (node:internal/modules/esm/loader:530:24)
    at async loadESM (node:internal/process/esm_loader:91:5)
    at async handleMainPromise (node:internal/modules/run_main:65:12)
{
  "method": "DELETE",
  "url": "/api/product/69cc50fc0126485789ebb1aa",
  "statusCode": 404,
  "userId": "69a7d76d77e9416bde7edba1"
}
[2026-04-25 19:17:14] [ERROR] Invalid Object Id
Error: Invalid Object Id
    at file:///D:/e-c/e-commerce_Project/middlewares/validation.js:18:25
    at Layer.handleRequest (D:\e-c\e-commerce_Project\node_modules\router\lib\layer.js:152:17)
    at next (D:\e-c\e-commerce_Project\node_modules\router\lib\route.js:157:13)
    at file:///D:/e-c/e-commerce_Project/middlewares/allowedTo.js:8:16
    at Layer.handleRequest (D:\e-c\e-commerce_Project\node_modules\router\lib\layer.js:152:17)
    at next (D:\e-c\e-commerce_Project\node_modules\router\lib\route.js:157:13)
    at verifyToken (file:///D:/e-c/e-commerce_Project/middlewares/verifyToken.js:38:9)
    at process.processTicksAndRejections (node:internal/process/task_queues:95:5)
{
  "method": "DELETE",
  "url": "/api/product/69cc50fc0126485789ebb1aao",
  "statusCode": 500,
  "userId": "69a7d76d77e9416bde7edba1"
}
[2026-04-25 19:41:50] [ERROR] Product validation failed: averageRating: Path `averageRating` (0) is less than minimum allowed value (1).
ValidationError: Product validation failed: averageRating: Path `averageRating` (0) is less than minimum allowed value (1).
    at Document.invalidate (D:\e-c\e-commerce_Project\node_modules\mongoose\lib\document.js:3379:32)
    at validatePath (D:\e-c\e-commerce_Project\node_modules\mongoose\lib\document.js:3154:13)
    at process.processTicksAndRejections (node:internal/process/task_queues:95:5)
    at async Promise.all (index 15)
    at async model.$__validate (D:\e-c\e-commerce_Project\node_modules\mongoose\lib\document.js:3095:3)
    at async model.validate (D:\e-c\e-commerce_Project\node_modules\mongoose\lib\document.js:2672:5)
    at async model.validateBeforeSave (D:\e-c\e-commerce_Project\node_modules\mongoose\lib\plugins\validateBeforeSave.js:34:7)
    at async Kareem.execPre (D:\e-c\e-commerce_Project\node_modules\kareem\index.js:65:24)
    at async model.$__save (D:\e-c\e-commerce_Project\node_modules\mongoose\lib\model.js:369:5)
    at async model.save (D:\e-c\e-commerce_Project\node_modules\mongoose\lib\model.js:609:5)
{
  "method": "POST",
  "url": "/api/product/create-product",
  "statusCode": 500,
  "userId": "69a7d76d77e9416bde7edba1",
  "body": {
    "name": "iPhone 15",
    "description": "Latest Apple phone",
    "price": "1000",
    "discount": "10",
    "stock": "50",
    "category": "69d1e38ae5aa7b1cd64b9b19",
    "subcategory": "69d1e398e5aa7b1cd64b9b23",
    "brand": "69c0846c244db3ef5c809a2e"
  }
}
[2026-04-25 19:41:50] [WARN] Slow request detected
{
  "method": "POST",
  "url": "/api/product/create-product",
  "duration": "2719.26ms",
  "userId": "69a7d76d77e9416bde7edba1"
}
